==================================== INPUT ====================================
# expected-to-throw
fragment relayResolver_BestFriendResolverFragment_name on User {
  name
}

query relayResolver_Query {
  me {
    best_friend @waterfall @required(action: THROW) {
      name
    }
  }
}

# %extensions%

extend type User {
  best_friend: User
    @relay_resolver(
      fragment_name: "relayResolver_BestFriendResolverFragment_name"
      import_path: "./foo/bar/baz/BestFriendResolver.js"
    )
}
==================================== ERROR ====================================
✖︎ Unexpected directive on Client Edge field. The `@required` directive is not currently supported on fields backed by Client Edges.

  relay-resolver-client-edge-required.graphql:8:28
    7 │   me {
    8 │     best_friend @waterfall @required(action: THROW) {
      │                            ^^^^^^^^^
    9 │       name
