==================================== INPUT ====================================
/**
 * Copyright (c) Meta Platforms, Inc. and affiliates.
 *
 * This source code is licensed under the MIT license found in the
 * LICENSE file in the root directory of this source tree.
 */

// expected-to-throw

/**
 * @RelayResolver
 */
==================================== ERROR ====================================
✖︎ Missing docblock field "@fieldName"

  <generated>:1:1
    1 │ *
      │ ^
    2 │  * @RelayResolver


✖︎ Missing docblock field "@onType"

  <generated>:1:1
    1 │ *
      │ ^
    2 │  * @RelayResolver


✖︎ Missing docblock field "@rootFragment"

  <generated>:1:1
    1 │ *
      │ ^
    2 │  * @RelayResolver
