==================================== INPUT ====================================
/**
 * Copyright (c) Meta Platforms, Inc. and affiliates.
 *
 * This source code is licensed under the MIT license found in the
 * LICENSE file in the root directory of this source tree.
 */

// expected-to-throw

/**
 * @RelayResolver
 * @onType User
 * @fieldName favorite_page
 * @edgeTo Page
 * @rootFragment myRootFragment
 * @notValid myRootFragment
 */
==================================== ERROR ====================================
✖︎ Unexpected docblock field "@notValid"

  <generated>:4:56
    3 │  *
    4 │  * This source code is licensed under the MIT license found in the
      │                                                        ^^^^^^^^
    5 │  * LICENSE file in the root directory of this source tree.
